Archive member included to satisfy reference by file (symbol)

c:/program files (x86)/atollic/truestudio for arm 6.0.0/armtools/bin/../lib/gcc/arm-atollic-eabi/5.3.1/../../../../arm-atollic-eabi/lib/armv6-m\libc.a(lib_a-init.o)
                              Drivers\CMSIS\Device\ST\STM32F0xx\Source\Templates\gcc\startup_stm32f051x8.o (__libc_init_array)
c:/program files (x86)/atollic/truestudio for arm 6.0.0/armtools/bin/../lib/gcc/arm-atollic-eabi/5.3.1/../../../../arm-atollic-eabi/lib/armv6-m\libc.a(lib_a-memcpy-stub.o)
                              Drivers\STM32F0xx_HAL_Driver\Src\stm32f0xx_hal_rcc.o (memcpy)
c:/program files (x86)/atollic/truestudio for arm 6.0.0/armtools/bin/../lib/gcc/arm-atollic-eabi/5.3.1/../../../../arm-atollic-eabi/lib/armv6-m\libc.a(lib_a-memset.o)
                              Drivers\STM32F0xx_HAL_Driver\Src\stm32f0xx_hal_rcc.o (memset)
c:/program files (x86)/atollic/truestudio for arm 6.0.0/armtools/bin/../lib/gcc/arm-atollic-eabi/5.3.1/armv6-m\libgcc.a(_udivsi3.o)
                              Drivers\CMSIS\Device\ST\STM32F0xx\Source\Templates\system_stm32f0xx.o (__aeabi_uidiv)
c:/program files (x86)/atollic/truestudio for arm 6.0.0/armtools/bin/../lib/gcc/arm-atollic-eabi/5.3.1/armv6-m\libgcc.a(_dvmd_tls.o)
                              c:/program files (x86)/atollic/truestudio for arm 6.0.0/armtools/bin/../lib/gcc/arm-atollic-eabi/5.3.1/armv6-m\libgcc.a(_udivsi3.o) (__aeabi_idiv0)
c:/program files (x86)/atollic/truestudio for arm 6.0.0/armtools/bin/../lib/gcc/arm-atollic-eabi/5.3.1/armv6-m\libgcc.a(_lshrdi3.o)
                              Drivers\STM32F0xx_HAL_Driver\Src\stm32f0xx_hal_flash.o (__aeabi_llsr)

Allocating common symbols
Common symbol       size              file

uwTick              0x4               Drivers\STM32F0xx_HAL_Driver\Src\stm32f0xx_hal.o
pFlash              0x20              Drivers\STM32F0xx_HAL_Driver\Src\stm32f0xx_hal_flash.o

Discarded input sections

 .text          0x00000000        0x0 c:/program files (x86)/atollic/truestudio for arm 6.0.0/armtools/bin/../lib/gcc/arm-atollic-eabi/5.3.1/armv6-m/crti.o
 .data          0x00000000        0x0 c:/program files (x86)/atollic/truestudio for arm 6.0.0/armtools/bin/../lib/gcc/arm-atollic-eabi/5.3.1/armv6-m/crti.o
 .bss           0x00000000        0x0 c:/program files (x86)/atollic/truestudio for arm 6.0.0/armtools/bin/../lib/gcc/arm-atollic-eabi/5.3.1/armv6-m/crti.o
 .data          0x00000000        0x4 c:/program files (x86)/atollic/truestudio for arm 6.0.0/armtools/bin/../lib/gcc/arm-atollic-eabi/5.3.1/armv6-m/crtbegin.o
 .text          0x00000000       0x14 Drivers\CMSIS\Device\ST\STM32F0xx\Source\Templates\gcc\startup_stm32f051x8.o
 .data          0x00000000        0x0 Drivers\CMSIS\Device\ST\STM32F0xx\Source\Templates\gcc\startup_stm32f051x8.o
 .bss           0x00000000        0x0 Drivers\CMSIS\Device\ST\STM32F0xx\Source\Templates\gcc\startup_stm32f051x8.o
 .text          0x00000000        0x0 Drivers\CMSIS\Device\ST\STM32F0xx\Source\Templates\system_stm32f0xx.o
 .data          0x00000000        0x0 Drivers\CMSIS\Device\ST\STM32F0xx\Source\Templates\system_stm32f0xx.o
 .bss           0x00000000        0x0 Drivers\CMSIS\Device\ST\STM32F0xx\Source\Templates\system_stm32f0xx.o
 .text.SystemCoreClockUpdate
                0x00000000       0x64 Drivers\CMSIS\Device\ST\STM32F0xx\Source\Templates\system_stm32f0xx.o
 .rodata.APBPrescTable
                0x00000000        0x8 Drivers\CMSIS\Device\ST\STM32F0xx\Source\Templates\system_stm32f0xx.o
 .text          0x00000000        0x0 Drivers\STM32F0xx_HAL_Driver\Src\stm32f0xx_hal.o
 .data          0x00000000        0x0 Drivers\STM32F0xx_HAL_Driver\Src\stm32f0xx_hal.o
 .bss           0x00000000        0x0 Drivers\STM32F0xx_HAL_Driver\Src\stm32f0xx_hal.o
 .text.HAL_MspInit
                0x00000000        0x2 Drivers\STM32F0xx_HAL_Driver\Src\stm32f0xx_hal.o
 .text.HAL_MspDeInit
                0x00000000        0x2 Drivers\STM32F0xx_HAL_Driver\Src\stm32f0xx_hal.o
 .text.HAL_DeInit
                0x00000000       0x24 Drivers\STM32F0xx_HAL_Driver\Src\stm32f0xx_hal.o
 .text.HAL_SuspendTick
                0x00000000       0x10 Drivers\STM32F0xx_HAL_Driver\Src\stm32f0xx_hal.o
 .text.HAL_ResumeTick
                0x00000000       0x10 Drivers\STM32F0xx_HAL_Driver\Src\stm32f0xx_hal.o
 .text.HAL_GetHalVersion
                0x00000000        0x6 Drivers\STM32F0xx_HAL_Driver\Src\stm32f0xx_hal.o
 .text.HAL_GetREVID
                0x00000000        0xc Drivers\STM32F0xx_HAL_Driver\Src\stm32f0xx_hal.o
 .text.HAL_GetDEVID
                0x00000000       0x10 Drivers\STM32F0xx_HAL_Driver\Src\stm32f0xx_hal.o
 .text.HAL_DBGMCU_EnableDBGStopMode
                0x00000000       0x10 Drivers\STM32F0xx_HAL_Driver\Src\stm32f0xx_hal.o
 .text.HAL_DBGMCU_DisableDBGStopMode
                0x00000000       0x10 Drivers\STM32F0xx_HAL_Driver\Src\stm32f0xx_hal.o
 .text.HAL_DBGMCU_EnableDBGStandbyMode
[...]
Memory Configuration

Name             Origin             Length             Attributes
FLASH            0x08000000         0x00010000         xr
RAM              0x20000000         0x00002000         xrw
*default*        0x00000000         0xffffffff

Linker script and memory map

LOAD c:/program files (x86)/atollic/truestudio for arm 6.0.0/armtools/bin/../lib/gcc/arm-atollic-eabi/5.3.1/armv6-m/crti.o
LOAD c:/program files (x86)/atollic/truestudio for arm 6.0.0/armtools/bin/../lib/gcc/arm-atollic-eabi/5.3.1/armv6-m/crtbegin.o
LOAD Drivers\CMSIS\Device\ST\STM32F0xx\Source\Templates\gcc\startup_stm32f051x8.o
LOAD Drivers\CMSIS\Device\ST\STM32F0xx\Source\Templates\system_stm32f0xx.o
LOAD Drivers\STM32F0xx_HAL_Driver\Src\stm32f0xx_hal.o
LOAD Drivers\STM32F0xx_HAL_Driver\Src\stm32f0xx_hal_cortex.o
LOAD Drivers\STM32F0xx_HAL_Driver\Src\stm32f0xx_hal_dma.o
LOAD Drivers\STM32F0xx_HAL_Driver\Src\stm32f0xx_hal_flash.o
LOAD Drivers\STM32F0xx_HAL_Driver\Src\stm32f0xx_hal_flash_ex.o
LOAD Drivers\STM32F0xx_HAL_Driver\Src\stm32f0xx_hal_gpio.o
LOAD Drivers\STM32F0xx_HAL_Driver\Src\stm32f0xx_hal_i2c.o
LOAD Drivers\STM32F0xx_HAL_Driver\Src\stm32f0xx_hal_i2c_ex.o
LOAD Drivers\STM32F0xx_HAL_Driver\Src\stm32f0xx_hal_pwr.o
LOAD Drivers\STM32F0xx_HAL_Driver\Src\stm32f0xx_hal_pwr_ex.o
LOAD Drivers\STM32F0xx_HAL_Driver\Src\stm32f0xx_hal_rcc.o
LOAD Drivers\STM32F0xx_HAL_Driver\Src\stm32f0xx_hal_rcc_ex.o
LOAD Drivers\STM32F0xx_HAL_Driver\Src\stm32f0xx_hal_tim.o
LOAD Drivers\STM32F0xx_HAL_Driver\Src\stm32f0xx_hal_tim_ex.o
LOAD Src\main.o
LOAD Src\stm32f0xx_hal_msp.o
LOAD Src\stm32f0xx_it.o
START GROUP
LOAD c:/program files (x86)/atollic/truestudio for arm 6.0.0/armtools/bin/../lib/gcc/arm-atollic-eabi/5.3.1/../../../../arm-atollic-eabi/lib/armv6-m\libc.a
LOAD c:/program files (x86)/atollic/truestudio for arm 6.0.0/armtools/bin/../lib/gcc/arm-atollic-eabi/5.3.1/../../../../arm-atollic-eabi/lib/armv6-m\libm.a
END GROUP
                0x00000080                malloc_getpagesize_P = 0x80
START GROUP
LOAD c:/program files (x86)/atollic/truestudio for arm 6.0.0/armtools/bin/../lib/gcc/arm-atollic-eabi/5.3.1/armv6-m\libgcc.a
LOAD c:/program files (x86)/atollic/truestudio for arm 6.0.0/armtools/bin/../lib/gcc/arm-atollic-eabi/5.3.1/../../../../arm-atollic-eabi/lib/armv6-m\libc.a
END GROUP
START GROUP
LOAD c:/program files (x86)/atollic/truestudio for arm 6.0.0/armtools/bin/../lib/gcc/arm-atollic-eabi/5.3.1/armv6-m\libgcc.a
LOAD c:/program files (x86)/atollic/truestudio for arm 6.0.0/armtools/bin/../lib/gcc/arm-atollic-eabi/5.3.1/../../../../arm-atollic-eabi/lib/armv6-m\libc.a
LOAD c:/program files (x86)/atollic/truestudio for arm 6.0.0/armtools/bin/../lib/gcc/arm-atollic-eabi/5.3.1/../../../../arm-atollic-eabi/lib/armv6-m\libnosys.a
END GROUP
LOAD c:/program files (x86)/atollic/truestudio for arm 6.0.0/armtools/bin/../lib/gcc/arm-atollic-eabi/5.3.1/armv6-m/crtend.o
LOAD c:/program files (x86)/atollic/truestudio for arm 6.0.0/armtools/bin/../lib/gcc/arm-atollic-eabi/5.3.1/armv6-m/crtn.o
                0x20002000                _estack = 0x20002000
                0x00000200                _Min_Heap_Size = 0x200
                0x00000400                _Min_Stack_Size = 0x400

.isr_vector     0x08000000       0xc0
                0x08000000                . = ALIGN (0x4)
 *(.isr_vector)
 .isr_vector    0x08000000       0xc0 Drivers\CMSIS\Device\ST\STM32F0xx\Source\Templates\gcc\startup_stm32f051x8.o
                0x08000000                g_pfnVectors
                0x080000c0                . = ALIGN (0x4)

.text           0x080000c0      0xc58
                0x080000c0                . = ALIGN (0x4)
 *(.text)
 .text          0x080000c0       0x48 c:/program files (x86)/atollic/truestudio for arm 6.0.0/armtools/bin/../lib/gcc/arm-atollic-eabi/5.3.1/armv6-m/crtbegin.o
 .text          0x08000108      0x114 c:/program files (x86)/atollic/truestudio for arm 6.0.0/armtools/bin/../lib/gcc/arm-atollic-eabi/5.3.1/armv6-m\libgcc.a(_udivsi3.o)
                0x08000108                __aeabi_uidiv
                0x08000108                __udivsi3
                0x08000214                __aeabi_uidivmod
 .text          0x0800021c        0x4 c:/program files (x86)/atollic/truestudio for arm 6.0.0/armtools/bin/../lib/gcc/arm-atollic-eabi/5.3.1/armv6-m\libgcc.a(_dvmd_tls.o)
                0x0800021c                __aeabi_idiv0
                0x0800021c                __aeabi_ldiv0
 *(.text*)
 .text.Reset_Handler
                0x08000220       0x50 Drivers\CMSIS\Device\ST\STM32F0xx\Source\Templates\gcc\startup_stm32f051x8.o
                0x08000220                Reset_Handler
 .text.Default_Handler
                0x08000270        0x2 Drivers\CMSIS\Device\ST\STM32F0xx\Source\Templates\gcc\startup_stm32f051x8.o
                0x08000270                TIM1_CC_IRQHandler
                0x08000270                TSC_IRQHandler
                0x08000270                HardFault_Handler
                0x08000270                ADC1_COMP_IRQHandler
                0x08000270                PVD_IRQHandler
                0x08000270                PendSV_Handler
                0x08000270                NMI_Handler
                0x08000270                I2C1_IRQHandler
                0x08000270                RCC_CRS_IRQHandler
                0x08000270                SPI1_IRQHandler
                0x08000270                TIM6_DAC_IRQHandler
                0x08000270                EXTI2_3_IRQHandler
                0x08000270                I2C2_IRQHandler
                0x08000270                TIM17_IRQHandler
                0x08000270                CEC_CAN_IRQHandler
                0x08000270                RTC_IRQHandler
                0x08000270                TIM16_IRQHandler
                0x08000270                TIM3_IRQHandler
                0x08000270                EXTI4_15_IRQHandler
                0x08000270                DMA1_Channel1_IRQHandler
                0x08000270                Default_Handler
                0x08000270                TIM14_IRQHandler
                0x08000270                DMA1_Channel4_5_IRQHandler
                0x08000270                TIM15_IRQHandler
                0x08000270                EXTI0_1_IRQHandler
                0x08000270                SPI2_IRQHandler
                0x08000270                SVC_Handler
                0x08000270                WWDG_IRQHandler
                0x08000270                TIM2_IRQHandler
                0x08000270                DMA1_Channel2_3_IRQHandler
                0x08000270                USART2_IRQHandler
                0x08000270                FLASH_IRQHandler
                0x08000270                USART1_IRQHandler
                0x08000270                TIM1_BRK_UP_TRG_COM_IRQHandler
 *fill*         0x08000272        0x2 
 .text.SystemInit
                0x08000274       0x60 Drivers\CMSIS\Device\ST\STM32F0xx\Source\Templates\system_stm32f0xx.o
                0x08000274                SystemInit
 .text.HAL_InitTick
                0x080002d4       0x24 Drivers\STM32F0xx_HAL_Driver\Src\stm32f0xx_hal.o
                0x080002d4                HAL_InitTick
 .text.HAL_Init
                0x080002f8       0x20 Drivers\STM32F0xx_HAL_Driver\Src\stm32f0xx_hal.o
                0x080002f8                HAL_Init
 .text.HAL_IncTick
                0x08000318       0x10 Drivers\STM32F0xx_HAL_Driver\Src\stm32f0xx_hal.o
                0x08000318                HAL_IncTick
 .text.HAL_GetTick
                0x08000328        0xc Drivers\STM32F0xx_HAL_Driver\Src\stm32f0xx_hal.o
                0x08000328                HAL_GetTick
 .text.HAL_Delay
                0x08000334       0x18 Drivers\STM32F0xx_HAL_Driver\Src\stm32f0xx_hal.o
                0x08000334                HAL_Delay
 .text.HAL_NVIC_SetPriority
                0x0800034c       0x60 Drivers\STM32F0xx_HAL_Driver\Src\stm32f0xx_hal_cortex.o
                0x0800034c                HAL_NVIC_SetPriority
 .text.HAL_SYSTICK_Config
                0x080003ac       0x34 Drivers\STM32F0xx_HAL_Driver\Src\stm32f0xx_hal_cortex.o
                0x080003ac                HAL_SYSTICK_Config
 .text.HAL_SYSTICK_CLKSourceConfig
                0x080003e0       0x1c Drivers\STM32F0xx_HAL_Driver\Src\stm32f0xx_hal_cortex.o
                0x080003e0                HAL_SYSTICK_CLKSourceConfig
 .text.HAL_SYSTICK_Callback
                0x080003fc        0x2 Drivers\STM32F0xx_HAL_Driver\Src\stm32f0xx_hal_cortex.o
                0x080003fc                HAL_SYSTICK_Callback
 .text.HAL_SYSTICK_IRQHandler
                0x080003fe        0x8 Drivers\STM32F0xx_HAL_Driver\Src\stm32f0xx_hal_cortex.o
                0x080003fe                HAL_SYSTICK_IRQHandler
 *fill*         0x08000406        0x2 
 .text.HAL_GPIO_Init
                0x08000408      0x15c Drivers\STM32F0xx_HAL_Driver\Src\stm32f0xx_hal_gpio.o
                0x08000408                HAL_GPIO_Init
 .text.HAL_GPIO_WritePin
                0x08000564        0xc Drivers\STM32F0xx_HAL_Driver\Src\stm32f0xx_hal_gpio.o
                0x08000564                HAL_GPIO_WritePin
 .text.HAL_RCC_OscConfig
                0x08000570      0x3dc Drivers\STM32F0xx_HAL_Driver\Src\stm32f0xx_hal_rcc.o
                0x08000570                HAL_RCC_OscConfig
 .text.HAL_RCC_GetSysClockFreq
                0x0800094c       0x64 Drivers\STM32F0xx_HAL_Driver\Src\stm32f0xx_hal_rcc.o
                0x0800094c                HAL_RCC_GetSysClockFreq
 .text.HAL_RCC_ClockConfig
                0x080009b0      0x12c Drivers\STM32F0xx_HAL_Driver\Src\stm32f0xx_hal_rcc.o
                0x080009b0                HAL_RCC_ClockConfig
 .text.HAL_RCC_GetHCLKFreq
                0x08000adc        0xc Drivers\STM32F0xx_HAL_Driver\Src\stm32f0xx_hal_rcc.o
                0x08000adc                HAL_RCC_GetHCLKFreq
 .text.light_On
                0x08000ae8       0x14 Src\main.o
                0x08000ae8                light_On
 .text.light_Off
                0x08000afc       0x14 Src\main.o
                0x08000afc                light_Off
 .text.char_to_morse
                0x08000b10       0x3c Src\main.o
                0x08000b10                char_to_morse
 .text.str_to_morse
                0x08000b4c       0x20 Src\main.o
                0x08000b4c                str_to_morse
 .text.SystemClock_Config
                0x08000b6c       0x68 Src\main.o
                0x08000b6c                SystemClock_Config
 .text.startup.main
                0x08000bd4       0x80 Src\main.o
                0x08000bd4                main
 .text.HAL_MspInit
                0x08000c54       0x40 Src\stm32f0xx_hal_msp.o
                0x08000c54                HAL_MspInit
 .text.SysTick_Handler
                0x08000c94        0xc Src\stm32f0xx_it.o
                0x08000c94                SysTick_Handler
 .text.__libc_init_array
                0x08000ca0       0x4c c:/program files (x86)/atollic/truestudio for arm 6.0.0/armtools/bin/../lib/gcc/arm-atollic-eabi/5.3.1/../../../../arm-atollic-eabi/lib/armv6-m\libc.a(lib_a-init.o)
                0x08000ca0                __libc_init_array
 .text.memcpy   0x08000cec       0x12 c:/program files (x86)/atollic/truestudio for arm 6.0.0/armtools/bin/../lib/gcc/arm-atollic-eabi/5.3.1/../../../../arm-atollic-eabi/lib/armv6-m\libc.a(lib_a-memcpy-stub.o)
                0x08000cec                memcpy
 *(.glue_7)
 .glue_7        0x08000cfe        0x0 linker stubs
 *(.glue_7t)
 .glue_7t       0x08000cfe        0x0 linker stubs
 *(.eh_frame)
 *fill*         0x08000cfe        0x2 
 .eh_frame      0x08000d00        0x0 c:/program files (x86)/atollic/truestudio for arm 6.0.0/armtools/bin/../lib/gcc/arm-atollic-eabi/5.3.1/armv6-m/crtbegin.o
 *(.init)
 .init          0x08000d00        0x4 c:/program files (x86)/atollic/truestudio for arm 6.0.0/armtools/bin/../lib/gcc/arm-atollic-eabi/5.3.1/armv6-m/crti.o
                0x08000d00                _init
 .init          0x08000d04        0x8 c:/program files (x86)/atollic/truestudio for arm 6.0.0/armtools/bin/../lib/gcc/arm-atollic-eabi/5.3.1/armv6-m/crtn.o
 *(.fini)
 .fini          0x08000d0c        0x4 c:/program files (x86)/atollic/truestudio for arm 6.0.0/armtools/bin/../lib/gcc/arm-atollic-eabi/5.3.1/armv6-m/crti.o
                0x08000d0c                _fini
 .fini          0x08000d10        0x8 c:/program files (x86)/atollic/truestudio for arm 6.0.0/armtools/bin/../lib/gcc/arm-atollic-eabi/5.3.1/armv6-m/crtn.o
                0x08000d18                . = ALIGN (0x4)
                0x08000d18                _etext = .

.vfp11_veneer   0x08000d18        0x0
 .vfp11_veneer  0x08000d18        0x0 linker stubs

.v4_bx          0x08000d18        0x0
 .v4_bx         0x08000d18        0x0 linker stubs

.iplt           0x08000d18        0x0
 .iplt          0x08000d18        0x0 c:/program files (x86)/atollic/truestudio for arm 6.0.0/armtools/bin/../lib/gcc/arm-atollic-eabi/5.3.1/armv6-m/crtbegin.o

.rodata         0x08000d18       0x34
                0x08000d18                . = ALIGN (0x4)
 *(.rodata)
 .rodata        0x08000d18       0x20 Drivers\STM32F0xx_HAL_Driver\Src\stm32f0xx_hal_rcc.o
 *(.rodata*)
 .rodata.AHBPrescTable
                0x08000d38       0x10 Drivers\CMSIS\Device\ST\STM32F0xx\Source\Templates\system_stm32f0xx.o
                0x08000d38                AHBPrescTable
 .rodata.str1.1
                0x08000d48        0x4 Src\main.o
                0x08000d4c                . = ALIGN (0x4)

.rel.dyn        0x08000d4c        0x0
 .rel.iplt      0x08000d4c        0x0 c:/program files (x86)/atollic/truestudio for arm 6.0.0/armtools/bin/../lib/gcc/arm-atollic-eabi/5.3.1/armv6-m/crtbegin.o

.ARM.extab
 *(.ARM.extab* .gnu.linkonce.armextab.*)

.ARM            0x08000d4c        0x0
                0x08000d4c                __exidx_start = .
 *(.ARM.exidx*)
                0x08000d4c                __exidx_end = .

.preinit_array  0x08000d4c        0x0
                0x08000d4c                PROVIDE (__preinit_array_start, .)
 *(.preinit_array*)
                0x08000d4c                PROVIDE (__preinit_array_end, .)

.init_array     0x08000d4c        0x4
                0x08000d4c                PROVIDE (__init_array_start, .)
 *(SORT(.init_array.*))
 *(.init_array*)
 .init_array    0x08000d4c        0x4 c:/program files (x86)/atollic/truestudio for arm 6.0.0/armtools/bin/../lib/gcc/arm-atollic-eabi/5.3.1/armv6-m/crtbegin.o
                0x08000d50                PROVIDE (__init_array_end, .)

.fini_array     0x08000d50        0x4
                [!provide]                PROVIDE (__fini_array_start, .)
 *(SORT(.fini_array.*))
 *(.fini_array*)
 .fini_array    0x08000d50        0x4 c:/program files (x86)/atollic/truestudio for arm 6.0.0/armtools/bin/../lib/gcc/arm-atollic-eabi/5.3.1/armv6-m/crtbegin.o
                [!provide]                PROVIDE (__fini_array_end, .)
                0x08000d54                _sidata = LOADADDR (.data)

.data           0x20000000        0x4 load address 0x08000d54
                0x20000000                . = ALIGN (0x4)
                0x20000000                _sdata = .
 *(.data)
 *(.data*)
 .data.SystemCoreClock
                0x20000000        0x4 Drivers\CMSIS\Device\ST\STM32F0xx\Source\Templates\system_stm32f0xx.o
                0x20000000                SystemCoreClock
                0x20000004                . = ALIGN (0x4)
                0x20000004                _edata = .

.igot.plt       0x20000004        0x0 load address 0x08000d58
 .igot.plt      0x20000004        0x0 c:/program files (x86)/atollic/truestudio for arm 6.0.0/armtools/bin/../lib/gcc/arm-atollic-eabi/5.3.1/armv6-m/crtbegin.o
                0x20000004                . = ALIGN (0x4)

.bss            0x20000004       0x20 load address 0x08000d58
                0x20000004                _sbss = .
                0x20000004                __bss_start__ = _sbss
 *(.bss)
 .bss           0x20000004       0x1c c:/program files (x86)/atollic/truestudio for arm 6.0.0/armtools/bin/../lib/gcc/arm-atollic-eabi/5.3.1/armv6-m/crtbegin.o
 *(.bss*)
 *(COMMON)
 COMMON         0x20000020        0x4 Drivers\STM32F0xx_HAL_Driver\Src\stm32f0xx_hal.o
                0x20000020                uwTick
                0x20000024                . = ALIGN (0x4)
                0x20000024                _ebss = .
                0x20000024                __bss_end__ = _ebss

._user_heap_stack
                0x20000024      0x600 load address 0x08000d58
                0x20000024                . = ALIGN (0x4)
                [!provide]                PROVIDE (end, .)
                [!provide]                PROVIDE (_end, .)
                0x20000224                . = (. + _Min_Heap_Size)
 *fill*         0x20000024      0x200 
                0x20000624                . = (. + _Min_Stack_Size)
 *fill*         0x20000224      0x400 
                0x20000624                . = ALIGN (0x4)

/DISCARD/
 libc.a(*)
 libm.a(*)
 libgcc.a(*)

.ARM.attributes
                0x00000000       0x28
 *(.ARM.attributes)
 .ARM.attributes
                0x00000000       0x1e c:/program files (x86)/atollic/truestudio for arm 6.0.0/armtools/bin/../lib/gcc/arm-atollic-eabi/5.3.1/armv6-m/crti.o
 .ARM.attributes
                0x0000001e       0x2c c:/program files (x86)/atollic/truestudio for arm 6.0.0/armtools/bin/../lib/gcc/arm-atollic-eabi/5.3.1/armv6-m/crtbegin.o
 .ARM.attributes
                0x0000004a       0x21 Drivers\CMSIS\Device\ST\STM32F0xx\Source\Templates\gcc\startup_stm32f051x8.o
 .ARM.attributes
                0x0000006b       0x31 Drivers\CMSIS\Device\ST\STM32F0xx\Source\Templates\system_stm32f0xx.o
 .ARM.attributes
                0x0000009c       0x31 Drivers\STM32F0xx_HAL_Driver\Src\stm32f0xx_hal.o
 .ARM.attributes
                0x000000cd       0x31 Drivers\STM32F0xx_HAL_Driver\Src\stm32f0xx_hal_cortex.o
 .ARM.attributes
                0x000000fe       0x31 Drivers\STM32F0xx_HAL_Driver\Src\stm32f0xx_hal_gpio.o
 .ARM.attributes
                0x0000012f       0x31 Drivers\STM32F0xx_HAL_Driver\Src\stm32f0xx_hal_rcc.o
 .ARM.attributes
                0x00000160       0x31 Src\main.o
 .ARM.attributes
                0x00000191       0x31 Src\stm32f0xx_hal_msp.o
 .ARM.attributes
                0x000001c2       0x31 Src\stm32f0xx_it.o
 .ARM.attributes
                0x000001f3       0x2c c:/program files (x86)/atollic/truestudio for arm 6.0.0/armtools/bin/../lib/gcc/arm-atollic-eabi/5.3.1/../../../../arm-atollic-eabi/lib/armv6-m\libc.a(lib_a-init.o)
 .ARM.attributes
                0x0000021f       0x2c c:/program files (x86)/atollic/truestudio for arm 6.0.0/armtools/bin/../lib/gcc/arm-atollic-eabi/5.3.1/../../../../arm-atollic-eabi/lib/armv6-m\libc.a(lib_a-memcpy-stub.o)
 .ARM.attributes
                0x0000024b       0x1e c:/program files (x86)/atollic/truestudio for arm 6.0.0/armtools/bin/../lib/gcc/arm-atollic-eabi/5.3.1/armv6-m\libgcc.a(_udivsi3.o)
 .ARM.attributes
                0x00000269       0x1e c:/program files (x86)/atollic/truestudio for arm 6.0.0/armtools/bin/../lib/gcc/arm-atollic-eabi/5.3.1/armv6-m\libgcc.a(_dvmd_tls.o)
 .ARM.attributes
                0x00000287       0x1e c:/program files (x86)/atollic/truestudio for arm 6.0.0/armtools/bin/../lib/gcc/arm-atollic-eabi/5.3.1/armv6-m/crtn.o
OUTPUT(LEDSOS.elf elf32-littlearm)

.debug_line     0x00000000     0x170b
 .debug_line    0x00000000       0xb2 Drivers\CMSIS\Device\ST\STM32F0xx\Source\Templates\gcc\startup_stm32f051x8.o
 .debug_line    0x000000b2      0x1d9 Drivers\CMSIS\Device\ST\STM32F0xx\Source\Templates\system_stm32f0xx.o
 .debug_line    0x0000028b      0x350 Drivers\STM32F0xx_HAL_Driver\Src\stm32f0xx_hal.o
 .debug_line    0x000005db      0x342 Drivers\STM32F0xx_HAL_Driver\Src\stm32f0xx_hal_cortex.o
 .debug_line    0x0000091d      0x35d Drivers\STM32F0xx_HAL_Driver\Src\stm32f0xx_hal_gpio.o
 .debug_line    0x00000c7a      0x535 Drivers\STM32F0xx_HAL_Driver\Src\stm32f0xx_hal_rcc.o
 .debug_line    0x000011af      0x306 Src\main.o
 .debug_line    0x000014b5      0x1bc Src\stm32f0xx_hal_msp.o
 .debug_line    0x00001671       0x9a Src\stm32f0xx_it.o

.debug_info     0x00000000     0x2c93
 .debug_info    0x00000000       0xa7 Drivers\CMSIS\Device\ST\STM32F0xx\Source\Templates\gcc\startup_stm32f051x8.o
 .debug_info    0x000000a7      0x247 Drivers\CMSIS\Device\ST\STM32F0xx\Source\Templates\system_stm32f0xx.o
 .debug_info    0x000002ee      0x59e Drivers\STM32F0xx_HAL_Driver\Src\stm32f0xx_hal.o
 .debug_info    0x0000088c      0x7ad Drivers\STM32F0xx_HAL_Driver\Src\stm32f0xx_hal_cortex.o
 .debug_info    0x00001039      0x5e8 Drivers\STM32F0xx_HAL_Driver\Src\stm32f0xx_hal_gpio.o
 .debug_info    0x00001621      0x99a Drivers\STM32F0xx_HAL_Driver\Src\stm32f0xx_hal_rcc.o
 .debug_info    0x00001fbb      0x949 Src\main.o
 .debug_info    0x00002904      0x2cf Src\stm32f0xx_hal_msp.o
 .debug_info    0x00002bd3       0xc0 Src\stm32f0xx_it.o

.debug_abbrev   0x00000000      0xdae
 .debug_abbrev  0x00000000       0x12 Drivers\CMSIS\Device\ST\STM32F0xx\Source\Templates\gcc\startup_stm32f051x8.o
 .debug_abbrev  0x00000012       0xf0 Drivers\CMSIS\Device\ST\STM32F0xx\Source\Templates\system_stm32f0xx.o
 .debug_abbrev  0x00000102      0x206 Drivers\STM32F0xx_HAL_Driver\Src\stm32f0xx_hal.o
 .debug_abbrev  0x00000308      0x273 Drivers\STM32F0xx_HAL_Driver\Src\stm32f0xx_hal_cortex.o
 .debug_abbrev  0x0000057b      0x1de Drivers\STM32F0xx_HAL_Driver\Src\stm32f0xx_hal_gpio.o
 .debug_abbrev  0x00000759      0x251 Drivers\STM32F0xx_HAL_Driver\Src\stm32f0xx_hal_rcc.o
 .debug_abbrev  0x000009aa      0x295 Src\main.o
 .debug_abbrev  0x00000c3f       0xfe Src\stm32f0xx_hal_msp.o
 .debug_abbrev  0x00000d3d       0x71 Src\stm32f0xx_it.o

.debug_aranges  0x00000000      0x2d8
 .debug_aranges
                0x00000000       0x28 Drivers\CMSIS\Device\ST\STM32F0xx\Source\Templates\gcc\startup_stm32f051x8.o
 .debug_aranges
                0x00000028       0x28 Drivers\CMSIS\Device\ST\STM32F0xx\Source\Templates\system_stm32f0xx.o
 .debug_aranges
                0x00000050       0x98 Drivers\STM32F0xx_HAL_Driver\Src\stm32f0xx_hal.o
 .debug_aranges
                0x000000e8       0x78 Drivers\STM32F0xx_HAL_Driver\Src\stm32f0xx_hal_cortex.o
 .debug_aranges
                0x00000160       0x58 Drivers\STM32F0xx_HAL_Driver\Src\stm32f0xx_hal_gpio.o
 .debug_aranges
                0x000001b8       0x80 Drivers\STM32F0xx_HAL_Driver\Src\stm32f0xx_hal_rcc.o
 .debug_aranges
                0x00000238       0x60 Src\main.o
 .debug_aranges
                0x00000298       0x20 Src\stm32f0xx_hal_msp.o
 .debug_aranges
                0x000002b8       0x20 Src\stm32f0xx_it.o

.debug_ranges   0x00000000      0x3c8
 .debug_ranges  0x00000000       0x20 Drivers\CMSIS\Device\ST\STM32F0xx\Source\Templates\gcc\startup_stm32f051x8.o
 .debug_ranges  0x00000020       0x18 Drivers\CMSIS\Device\ST\STM32F0xx\Source\Templates\system_stm32f0xx.o
 .debug_ranges  0x00000038       0x88 Drivers\STM32F0xx_HAL_Driver\Src\stm32f0xx_hal.o
 .debug_ranges  0x000000c0       0xe8 Drivers\STM32F0xx_HAL_Driver\Src\stm32f0xx_hal_cortex.o
 .debug_ranges  0x000001a8       0x68 Drivers\STM32F0xx_HAL_Driver\Src\stm32f0xx_hal_gpio.o
 .debug_ranges  0x00000210       0xb0 Drivers\STM32F0xx_HAL_Driver\Src\stm32f0xx_hal_rcc.o
 .debug_ranges  0x000002c0       0xa8 Src\main.o
 .debug_ranges  0x00000368       0x50 Src\stm32f0xx_hal_msp.o
 .debug_ranges  0x000003b8       0x10 Src\stm32f0xx_it.o

.debug_loc      0x00000000      0xddd
 .debug_loc     0x00000000      0x107 Drivers\CMSIS\Device\ST\STM32F0xx\Source\Templates\system_stm32f0xx.o
 .debug_loc     0x00000107       0x6a Drivers\STM32F0xx_HAL_Driver\Src\stm32f0xx_hal.o
 .debug_loc     0x00000171      0x3da Drivers\STM32F0xx_HAL_Driver\Src\stm32f0xx_hal_cortex.o
 .debug_loc     0x0000054b      0x2c5 Drivers\STM32F0xx_HAL_Driver\Src\stm32f0xx_hal_gpio.o
 .debug_loc     0x00000810      0x455 Drivers\STM32F0xx_HAL_Driver\Src\stm32f0xx_hal_rcc.o
 .debug_loc     0x00000c65      0x178 Src\main.o

.debug_str      0x00000000      0xdf3
 .debug_str     0x00000000      0x24c Drivers\CMSIS\Device\ST\STM32F0xx\Source\Templates\system_stm32f0xx.o
                                0x296 (size before relaxing)
 .debug_str     0x0000024c      0x3f6 Drivers\STM32F0xx_HAL_Driver\Src\stm32f0xx_hal.o
                                0x5d0 (size before relaxing)
 .debug_str     0x00000642      0x1f8 Drivers\STM32F0xx_HAL_Driver\Src\stm32f0xx_hal_cortex.o
                                0x610 (size before relaxing)
 .debug_str     0x0000083a      0x1cc Drivers\STM32F0xx_HAL_Driver\Src\stm32f0xx_hal_gpio.o
                                0x403 (size before relaxing)
 .debug_str     0x00000a06      0x2ee Drivers\STM32F0xx_HAL_Driver\Src\stm32f0xx_hal_rcc.o
                                0x628 (size before relaxing)
 .debug_str     0x00000cf4       0xb2 Src\main.o
                                0x6dc (size before relaxing)
 .debug_str     0x00000da6       0x27 Src\stm32f0xx_hal_msp.o
                                0x3c5 (size before relaxing)
 .debug_str     0x00000dcd       0x26 Src\stm32f0xx_it.o
                                0x1b1 (size before relaxing)

.comment        0x00000000       0x7e
 .comment       0x00000000       0x7e Drivers\CMSIS\Device\ST\STM32F0xx\Source\Templates\system_stm32f0xx.o
                                 0x7f (size before relaxing)
 .comment       0x0000007e       0x7f Drivers\STM32F0xx_HAL_Driver\Src\stm32f0xx_hal.o
 .comment       0x0000007e       0x7f Drivers\STM32F0xx_HAL_Driver\Src\stm32f0xx_hal_cortex.o
 .comment       0x0000007e       0x7f Drivers\STM32F0xx_HAL_Driver\Src\stm32f0xx_hal_gpio.o
 .comment       0x0000007e       0x7f Drivers\STM32F0xx_HAL_Driver\Src\stm32f0xx_hal_rcc.o
 .comment       0x0000007e       0x7f Src\main.o
 .comment       0x0000007e       0x7f Src\stm32f0xx_hal_msp.o
 .comment       0x0000007e       0x7f Src\stm32f0xx_it.o

.debug_frame    0x00000000      0x608
 .debug_frame   0x00000000       0x3c Drivers\CMSIS\Device\ST\STM32F0xx\Source\Templates\system_stm32f0xx.o
 .debug_frame   0x0000003c      0x144 Drivers\STM32F0xx_HAL_Driver\Src\stm32f0xx_hal.o
 .debug_frame   0x00000180       0xe4 Drivers\STM32F0xx_HAL_Driver\Src\stm32f0xx_hal_cortex.o
 .debug_frame   0x00000264       0xc0 Drivers\STM32F0xx_HAL_Driver\Src\stm32f0xx_hal_gpio.o
 .debug_frame   0x00000324      0x12c Drivers\STM32F0xx_HAL_Driver\Src\stm32f0xx_hal_rcc.o
 .debug_frame   0x00000450       0xf0 Src\main.o
 .debug_frame   0x00000540       0x2c Src\stm32f0xx_hal_msp.o
 .debug_frame   0x0000056c       0x28 Src\stm32f0xx_it.o
 .debug_frame   0x00000594       0x2c c:/program files (x86)/atollic/truestudio for arm 6.0.0/armtools/bin/../lib/gcc/arm-atollic-eabi/5.3.1/../../../../arm-atollic-eabi/lib/armv6-m\libc.a(lib_a-init.o)
 .debug_frame   0x000005c0       0x28 c:/program files (x86)/atollic/truestudio for arm 6.0.0/armtools/bin/../lib/gcc/arm-atollic-eabi/5.3.1/../../../../arm-atollic-eabi/lib/armv6-m\libc.a(lib_a-memcpy-stub.o)
 .debug_frame   0x000005e8       0x20 c:/program files (x86)/atollic/truestudio for arm 6.0.0/armtools/bin/../lib/gcc/arm-atollic-eabi/5.3.1/armv6-m\libgcc.a(_udivsi3.o)

Cross Reference Table

Symbol                                            File
ADC1_COMP_IRQHandler                              Drivers\CMSIS\Device\ST\STM32F0xx\Source\Templates\gcc\startup_stm32f051x8.o
AHBPrescTable                                     Drivers\CMSIS\Device\ST\STM32F0xx\Source\Templates\system_stm32f0xx.o
                                                  Drivers\STM32F0xx_HAL_Driver\Src\stm32f0xx_hal_rcc.o
APBPrescTable                                     Drivers\CMSIS\Device\ST\STM32F0xx\Source\Templates\system_stm32f0xx.o
                                                  Drivers\STM32F0xx_HAL_Driver\Src\stm32f0xx_hal_rcc.o
CEC_CAN_IRQHandler                                Drivers\CMSIS\Device\ST\STM32F0xx\Source\Templates\gcc\startup_stm32f051x8.o
DMA1_Channel1_IRQHandler                          Drivers\CMSIS\Device\ST\STM32F0xx\Source\Templates\gcc\startup_stm32f051x8.o
DMA1_Channel2_3_IRQHandler                        Drivers\CMSIS\Device\ST\STM32F0xx\Source\Templates\gcc\startup_stm32f051x8.o
DMA1_Channel4_5_IRQHandler                        Drivers\CMSIS\Device\ST\STM32F0xx\Source\Templates\gcc\startup_stm32f051x8.o
Default_Handler                                   Drivers\CMSIS\Device\ST\STM32F0xx\Source\Templates\gcc\startup_stm32f051x8.o
EXTI0_1_IRQHandler                                Drivers\CMSIS\Device\ST\STM32F0xx\Source\Templates\gcc\startup_stm32f051x8.o
EXTI2_3_IRQHandler                                Drivers\CMSIS\Device\ST\STM32F0xx\Source\Templates\gcc\startup_stm32f051x8.o
EXTI4_15_IRQHandler                               Drivers\CMSIS\Device\ST\STM32F0xx\Source\Templates\gcc\startup_stm32f051x8.o
Error_Handler                                     Src\main.o
FLASH_IRQHandler                                  Drivers\CMSIS\Device\ST\STM32F0xx\Source\Templates\gcc\startup_stm32f051x8.o
FLASH_PageErase                                   Drivers\STM32F0xx_HAL_Driver\Src\stm32f0xx_hal_flash_ex.o
                                                  Drivers\STM32F0xx_HAL_Driver\Src\stm32f0xx_hal_flash.o
FLASH_WaitForLastOperation                        Drivers\STM32F0xx_HAL_Driver\Src\stm32f0xx_hal_flash.o
                                                  Drivers\STM32F0xx_HAL_Driver\Src\stm32f0xx_hal_flash_ex.o
HAL_DBGMCU_DisableDBGStandbyMode                  Drivers\STM32F0xx_HAL_Driver\Src\stm32f0xx_hal.o
HAL_DBGMCU_DisableDBGStopMode                     Drivers\STM32F0xx_HAL_Driver\Src\stm32f0xx_hal.o
HAL_DBGMCU_EnableDBGStandbyMode                   Drivers\STM32F0xx_HAL_Driver\Src\stm32f0xx_hal.o
HAL_DBGMCU_EnableDBGStopMode                      Drivers\STM32F0xx_HAL_Driver\Src\stm32f0xx_hal.o
HAL_DMA_Abort                                     Drivers\STM32F0xx_HAL_Driver\Src\stm32f0xx_hal_dma.o
HAL_DMA_Abort_IT                                  Drivers\STM32F0xx_HAL_Driver\Src\stm32f0xx_hal_dma.o
                                                  Drivers\STM32F0xx_HAL_Driver\Src\stm32f0xx_hal_i2c.o
HAL_DMA_DeInit                                    Drivers\STM32F0xx_HAL_Driver\Src\stm32f0xx_hal_dma.o
HAL_DMA_GetError                                  Drivers\STM32F0xx_HAL_Driver\Src\stm32f0xx_hal_dma.o
HAL_DMA_GetState                                  Drivers\STM32F0xx_HAL_Driver\Src\stm32f0xx_hal_dma.o
HAL_DMA_IRQHandler                                Drivers\STM32F0xx_HAL_Driver\Src\stm32f0xx_hal_dma.o
HAL_DMA_Init                                      Drivers\STM32F0xx_HAL_Driver\Src\stm32f0xx_hal_dma.o
HAL_DMA_PollForTransfer                           Drivers\STM32F0xx_HAL_Driver\Src\stm32f0xx_hal_dma.o
HAL_DMA_Start                                     Drivers\STM32F0xx_HAL_Driver\Src\stm32f0xx_hal_dma.o
HAL_DMA_Start_IT                                  Drivers\STM32F0xx_HAL_Driver\Src\stm32f0xx_hal_dma.o
                                                  Drivers\STM32F0xx_HAL_Driver\Src\stm32f0xx_hal_i2c.o
HAL_DeInit                                        Drivers\STM32F0xx_HAL_Driver\Src\stm32f0xx_hal.o
HAL_Delay                                         Drivers\STM32F0xx_HAL_Driver\Src\stm32f0xx_hal.o
                                                  Src\main.o
HAL_FLASHEx_Erase                                 Drivers\STM32F0xx_HAL_Driver\Src\stm32f0xx_hal_flash_ex.o
HAL_FLASHEx_Erase_IT                              Drivers\STM32F0xx_HAL_Driver\Src\stm32f0xx_hal_flash_ex.o
HAL_FLASHEx_OBErase                               Drivers\STM32F0xx_HAL_Driver\Src\stm32f0xx_hal_flash_ex.o
HAL_FLASHEx_OBGetConfig                           Drivers\STM32F0xx_HAL_Driver\Src\stm32f0xx_hal_flash_ex.o
HAL_FLASHEx_OBGetUserData                         Drivers\STM32F0xx_HAL_Driver\Src\stm32f0xx_hal_flash_ex.o
HAL_FLASHEx_OBProgram                             Drivers\STM32F0xx_HAL_Driver\Src\stm32f0xx_hal_flash_ex.o
HAL_FLASH_EndOfOperationCallback                  Drivers\STM32F0xx_HAL_Driver\Src\stm32f0xx_hal_flash.o
HAL_FLASH_GetError                                Drivers\STM32F0xx_HAL_Driver\Src\stm32f0xx_hal_flash.o
HAL_FLASH_IRQHandler                              Drivers\STM32F0xx_HAL_Driver\Src\stm32f0xx_hal_flash.o
HAL_FLASH_Lock                                    Drivers\STM32F0xx_HAL_Driver\Src\stm32f0xx_hal_flash.o
HAL_FLASH_OB_Launch                               Drivers\STM32F0xx_HAL_Driver\Src\stm32f0xx_hal_flash.o
HAL_FLASH_OB_Lock                                 Drivers\STM32F0xx_HAL_Driver\Src\stm32f0xx_hal_flash.o
HAL_FLASH_OB_Unlock                               Drivers\STM32F0xx_HAL_Driver\Src\stm32f0xx_hal_flash.o
HAL_FLASH_OperationErrorCallback                  Drivers\STM32F0xx_HAL_Driver\Src\stm32f0xx_hal_flash.o
HAL_FLASH_Program                                 Drivers\STM32F0xx_HAL_Driver\Src\stm32f0xx_hal_flash.o
HAL_FLASH_Program_IT                              Drivers\STM32F0xx_HAL_Driver\Src\stm32f0xx_hal_flash.o
HAL_FLASH_Unlock                                  Drivers\STM32F0xx_HAL_Driver\Src\stm32f0xx_hal_flash.o
HAL_GPIO_DeInit                                   Drivers\STM32F0xx_HAL_Driver\Src\stm32f0xx_hal_gpio.o
HAL_GPIO_EXTI_Callback                            Drivers\STM32F0xx_HAL_Driver\Src\stm32f0xx_hal_gpio.o
HAL_GPIO_EXTI_IRQHandler                          Drivers\STM32F0xx_HAL_Driver\Src\stm32f0xx_hal_gpio.o
HAL_GPIO_Init                                     Drivers\STM32F0xx_HAL_Driver\Src\stm32f0xx_hal_gpio.o
                                                  Src\main.o
                                                  Drivers\STM32F0xx_HAL_Driver\Src\stm32f0xx_hal_rcc.o
HAL_GPIO_LockPin                                  Drivers\STM32F0xx_HAL_Driver\Src\stm32f0xx_hal_gpio.o
HAL_GPIO_ReadPin                                  Drivers\STM32F0xx_HAL_Driver\Src\stm32f0xx_hal_gpio.o
                                                  Src\main.o
HAL_GPIO_TogglePin                                Drivers\STM32F0xx_HAL_Driver\Src\stm32f0xx_hal_gpio.o
HAL_GPIO_WritePin                                 Drivers\STM32F0xx_HAL_Driver\Src\stm32f0xx_hal_gpio.o
                                                  Src\main.o
HAL_GetDEVID                                      Drivers\STM32F0xx_HAL_Driver\Src\stm32f0xx_hal.o
HAL_GetHalVersion                                 Drivers\STM32F0xx_HAL_Driver\Src\stm32f0xx_hal.o
HAL_GetREVID                                      Drivers\STM32F0xx_HAL_Driver\Src\stm32f0xx_hal.o
HAL_GetTick                                       Drivers\STM32F0xx_HAL_Driver\Src\stm32f0xx_hal.o
                                                  Drivers\STM32F0xx_HAL_Driver\Src\stm32f0xx_hal_rcc_ex.o
                                                  Drivers\STM32F0xx_HAL_Driver\Src\stm32f0xx_hal_rcc.o
                                                  Drivers\STM32F0xx_HAL_Driver\Src\stm32f0xx_hal_i2c.o
                                                  Drivers\STM32F0xx_HAL_Driver\Src\stm32f0xx_hal_flash.o
                                                  Drivers\STM32F0xx_HAL_Driver\Src\stm32f0xx_hal_dma.o
HAL_I2CEx_ConfigAnalogFilter                      Drivers\STM32F0xx_HAL_Driver\Src\stm32f0xx_hal_i2c_ex.o
HAL_I2CEx_ConfigDigitalFilter                     Drivers\STM32F0xx_HAL_Driver\Src\stm32f0xx_hal_i2c_ex.o
HAL_I2CEx_DisableFastModePlus                     Drivers\STM32F0xx_HAL_Driver\Src\stm32f0xx_hal_i2c_ex.o
HAL_I2CEx_DisableWakeUp                           Drivers\STM32F0xx_HAL_Driver\Src\stm32f0xx_hal_i2c_ex.o
HAL_I2CEx_EnableFastModePlus                      Drivers\STM32F0xx_HAL_Driver\Src\stm32f0xx_hal_i2c_ex.o
HAL_I2CEx_EnableWakeUp                            Drivers\STM32F0xx_HAL_Driver\Src\stm32f0xx_hal_i2c_ex.o
HAL_I2C_AbortCpltCallback                         Drivers\STM32F0xx_HAL_Driver\Src\stm32f0xx_hal_i2c.o
HAL_I2C_AddrCallback                              Drivers\STM32F0xx_HAL_Driver\Src\stm32f0xx_hal_i2c.o
HAL_I2C_DeInit                                    Drivers\STM32F0xx_HAL_Driver\Src\stm32f0xx_hal_i2c.o
HAL_I2C_DisableListen_IT                          Drivers\STM32F0xx_HAL_Driver\Src\stm32f0xx_hal_i2c.o
HAL_I2C_ER_IRQHandler                             Drivers\STM32F0xx_HAL_Driver\Src\stm32f0xx_hal_i2c.o
HAL_I2C_EV_IRQHandler                             Drivers\STM32F0xx_HAL_Driver\Src\stm32f0xx_hal_i2c.o
HAL_I2C_EnableListen_IT                           Drivers\STM32F0xx_HAL_Driver\Src\stm32f0xx_hal_i2c.o
HAL_I2C_ErrorCallback                             Drivers\STM32F0xx_HAL_Driver\Src\stm32f0xx_hal_i2c.o
HAL_I2C_GetError                                  Drivers\STM32F0xx_HAL_Driver\Src\stm32f0xx_hal_i2c.o
HAL_I2C_GetMode                                   Drivers\STM32F0xx_HAL_Driver\Src\stm32f0xx_hal_i2c.o
HAL_I2C_GetState                                  Drivers\STM32F0xx_HAL_Driver\Src\stm32f0xx_hal_i2c.o
HAL_I2C_Init                                      Drivers\STM32F0xx_HAL_Driver\Src\stm32f0xx_hal_i2c.o
HAL_I2C_IsDeviceReady                             Drivers\STM32F0xx_HAL_Driver\Src\stm32f0xx_hal_i2c.o
HAL_I2C_ListenCpltCallback                        Drivers\STM32F0xx_HAL_Driver\Src\stm32f0xx_hal_i2c.o
HAL_I2C_MasterRxCpltCallback                      Drivers\STM32F0xx_HAL_Driver\Src\stm32f0xx_hal_i2c.o
HAL_I2C_MasterTxCpltCallback                      Drivers\STM32F0xx_HAL_Driver\Src\stm32f0xx_hal_i2c.o
HAL_I2C_Master_Abort_IT                           Drivers\STM32F0xx_HAL_Driver\Src\stm32f0xx_hal_i2c.o
HAL_I2C_Master_Receive                            Drivers\STM32F0xx_HAL_Driver\Src\stm32f0xx_hal_i2c.o
HAL_I2C_Master_Receive_DMA                        Drivers\STM32F0xx_HAL_Driver\Src\stm32f0xx_hal_i2c.o
HAL_I2C_Master_Receive_IT                         Drivers\STM32F0xx_HAL_Driver\Src\stm32f0xx_hal_i2c.o
HAL_I2C_Master_Sequential_Receive_IT              Drivers\STM32F0xx_HAL_Driver\Src\stm32f0xx_hal_i2c.o
HAL_I2C_Master_Sequential_Transmit_IT             Drivers\STM32F0xx_HAL_Driver\Src\stm32f0xx_hal_i2c.o
HAL_I2C_Master_Transmit                           Drivers\STM32F0xx_HAL_Driver\Src\stm32f0xx_hal_i2c.o
HAL_I2C_Master_Transmit_DMA                       Drivers\STM32F0xx_HAL_Driver\Src\stm32f0xx_hal_i2c.o
HAL_I2C_Master_Transmit_IT                        Drivers\STM32F0xx_HAL_Driver\Src\stm32f0xx_hal_i2c.o
HAL_I2C_MemRxCpltCallback                         Drivers\STM32F0xx_HAL_Driver\Src\stm32f0xx_hal_i2c.o
HAL_I2C_MemTxCpltCallback                         Drivers\STM32F0xx_HAL_Driver\Src\stm32f0xx_hal_i2c.o
HAL_I2C_Mem_Read                                  Drivers\STM32F0xx_HAL_Driver\Src\stm32f0xx_hal_i2c.o
HAL_I2C_Mem_Read_DMA                              Drivers\STM32F0xx_HAL_Driver\Src\stm32f0xx_hal_i2c.o
HAL_I2C_Mem_Read_IT                               Drivers\STM32F0xx_HAL_Driver\Src\stm32f0xx_hal_i2c.o
HAL_I2C_Mem_Write                                 Drivers\STM32F0xx_HAL_Driver\Src\stm32f0xx_hal_i2c.o
HAL_I2C_Mem_Write_DMA                             Drivers\STM32F0xx_HAL_Driver\Src\stm32f0xx_hal_i2c.o
HAL_I2C_Mem_Write_IT                              Drivers\STM32F0xx_HAL_Driver\Src\stm32f0xx_hal_i2c.o
HAL_I2C_MspDeInit                                 Drivers\STM32F0xx_HAL_Driver\Src\stm32f0xx_hal_i2c.o
HAL_I2C_MspInit                                   Drivers\STM32F0xx_HAL_Driver\Src\stm32f0xx_hal_i2c.o
HAL_I2C_SlaveRxCpltCallback                       Drivers\STM32F0xx_HAL_Driver\Src\stm32f0xx_hal_i2c.o
HAL_I2C_SlaveTxCpltCallback                       Drivers\STM32F0xx_HAL_Driver\Src\stm32f0xx_hal_i2c.o
HAL_I2C_Slave_Receive                             Drivers\STM32F0xx_HAL_Driver\Src\stm32f0xx_hal_i2c.o
HAL_I2C_Slave_Receive_DMA                         Drivers\STM32F0xx_HAL_Driver\Src\stm32f0xx_hal_i2c.o
HAL_I2C_Slave_Receive_IT                          Drivers\STM32F0xx_HAL_Driver\Src\stm32f0xx_hal_i2c.o
HAL_I2C_Slave_Sequential_Receive_IT               Drivers\STM32F0xx_HAL_Driver\Src\stm32f0xx_hal_i2c.o
HAL_I2C_Slave_Sequential_Transmit_IT              Drivers\STM32F0xx_HAL_Driver\Src\stm32f0xx_hal_i2c.o
HAL_I2C_Slave_Transmit                            Drivers\STM32F0xx_HAL_Driver\Src\stm32f0xx_hal_i2c.o
HAL_I2C_Slave_Transmit_DMA                        Drivers\STM32F0xx_HAL_Driver\Src\stm32f0xx_hal_i2c.o
HAL_I2C_Slave_Transmit_IT                         Drivers\STM32F0xx_HAL_Driver\Src\stm32f0xx_hal_i2c.o
HAL_IncTick                                       Drivers\STM32F0xx_HAL_Driver\Src\stm32f0xx_hal.o
                                                  Src\stm32f0xx_it.o
HAL_Init                                          Drivers\STM32F0xx_HAL_Driver\Src\stm32f0xx_hal.o
                                                  Src\main.o
HAL_InitTick                                      Drivers\STM32F0xx_HAL_Driver\Src\stm32f0xx_hal.o
                                                  Drivers\STM32F0xx_HAL_Driver\Src\stm32f0xx_hal_rcc.o
HAL_MspDeInit                                     Drivers\STM32F0xx_HAL_Driver\Src\stm32f0xx_hal.o
HAL_MspInit                                       Src\stm32f0xx_hal_msp.o
                                                  Drivers\STM32F0xx_HAL_Driver\Src\stm32f0xx_hal.o
HAL_NVIC_ClearPendingIRQ                          Drivers\STM32F0xx_HAL_Driver\Src\stm32f0xx_hal_cortex.o
HAL_NVIC_DisableIRQ                               Drivers\STM32F0xx_HAL_Driver\Src\stm32f0xx_hal_cortex.o
HAL_NVIC_EnableIRQ                                Drivers\STM32F0xx_HAL_Driver\Src\stm32f0xx_hal_cortex.o
HAL_NVIC_GetPendingIRQ                            Drivers\STM32F0xx_HAL_Driver\Src\stm32f0xx_hal_cortex.o
HAL_NVIC_GetPriority                              Drivers\STM32F0xx_HAL_Driver\Src\stm32f0xx_hal_cortex.o
HAL_NVIC_SetPendingIRQ                            Drivers\STM32F0xx_HAL_Driver\Src\stm32f0xx_hal_cortex.o
HAL_NVIC_SetPriority                              Drivers\STM32F0xx_HAL_Driver\Src\stm32f0xx_hal_cortex.o
                                                  Src\stm32f0xx_hal_msp.o
                                                  Src\main.o
                                                  Drivers\STM32F0xx_HAL_Driver\Src\stm32f0xx_hal.o
HAL_NVIC_SystemReset                              Drivers\STM32F0xx_HAL_Driver\Src\stm32f0xx_hal_cortex.o
HAL_PWR_ConfigPVD                                 Drivers\STM32F0xx_HAL_Driver\Src\stm32f0xx_hal_pwr_ex.o
HAL_PWR_DeInit                                    Drivers\STM32F0xx_HAL_Driver\Src\stm32f0xx_hal_pwr.o
HAL_PWR_DisableBkUpAccess                         Drivers\STM32F0xx_HAL_Driver\Src\stm32f0xx_hal_pwr.o
HAL_PWR_DisablePVD                                Drivers\STM32F0xx_HAL_Driver\Src\stm32f0xx_hal_pwr_ex.o
HAL_PWR_DisableSEVOnPend                          Drivers\STM32F0xx_HAL_Driver\Src\stm32f0xx_hal_pwr.o
HAL_PWR_DisableSleepOnExit                        Drivers\STM32F0xx_HAL_Driver\Src\stm32f0xx_hal_pwr.o
HAL_PWR_DisableWakeUpPin                          Drivers\STM32F0xx_HAL_Driver\Src\stm32f0xx_hal_pwr.o
HAL_PWR_EnableBkUpAccess                          Drivers\STM32F0xx_HAL_Driver\Src\stm32f0xx_hal_pwr.o
HAL_PWR_EnablePVD                                 Drivers\STM32F0xx_HAL_Driver\Src\stm32f0xx_hal_pwr_ex.o
HAL_PWR_EnableSEVOnPend                           Drivers\STM32F0xx_HAL_Driver\Src\stm32f0xx_hal_pwr.o
HAL_PWR_EnableSleepOnExit                         Drivers\STM32F0xx_HAL_Driver\Src\stm32f0xx_hal_pwr.o
HAL_PWR_EnableWakeUpPin                           Drivers\STM32F0xx_HAL_Driver\Src\stm32f0xx_hal_pwr.o
HAL_PWR_EnterSLEEPMode                            Drivers\STM32F0xx_HAL_Driver\Src\stm32f0xx_hal_pwr.o
HAL_PWR_EnterSTANDBYMode                          Drivers\STM32F0xx_HAL_Driver\Src\stm32f0xx_hal_pwr.o
HAL_PWR_EnterSTOPMode                             Drivers\STM32F0xx_HAL_Driver\Src\stm32f0xx_hal_pwr.o
HAL_PWR_PVDCallback                               Drivers\STM32F0xx_HAL_Driver\Src\stm32f0xx_hal_pwr_ex.o
HAL_PWR_PVD_IRQHandler                            Drivers\STM32F0xx_HAL_Driver\Src\stm32f0xx_hal_pwr_ex.o
HAL_RCCEx_GetPeriphCLKConfig                      Drivers\STM32F0xx_HAL_Driver\Src\stm32f0xx_hal_rcc_ex.o
HAL_RCCEx_GetPeriphCLKFreq                        Drivers\STM32F0xx_HAL_Driver\Src\stm32f0xx_hal_rcc_ex.o
HAL_RCCEx_PeriphCLKConfig                         Drivers\STM32F0xx_HAL_Driver\Src\stm32f0xx_hal_rcc_ex.o
HAL_RCC_CSSCallback                               Drivers\STM32F0xx_HAL_Driver\Src\stm32f0xx_hal_rcc.o
HAL_RCC_ClockConfig                               Drivers\STM32F0xx_HAL_Driver\Src\stm32f0xx_hal_rcc.o
                                                  Src\main.o
HAL_RCC_DeInit                                    Drivers\STM32F0xx_HAL_Driver\Src\stm32f0xx_hal_rcc.o
HAL_RCC_DisableCSS                                Drivers\STM32F0xx_HAL_Driver\Src\stm32f0xx_hal_rcc.o
HAL_RCC_EnableCSS                                 Drivers\STM32F0xx_HAL_Driver\Src\stm32f0xx_hal_rcc.o
HAL_RCC_GetClockConfig                            Drivers\STM32F0xx_HAL_Driver\Src\stm32f0xx_hal_rcc.o
HAL_RCC_GetHCLKFreq                               Drivers\STM32F0xx_HAL_Driver\Src\stm32f0xx_hal_rcc.o
                                                  Src\main.o
                                                  Drivers\STM32F0xx_HAL_Driver\Src\stm32f0xx_hal.o
HAL_RCC_GetOscConfig                              Drivers\STM32F0xx_HAL_Driver\Src\stm32f0xx_hal_rcc.o
HAL_RCC_GetPCLK1Freq                              Drivers\STM32F0xx_HAL_Driver\Src\stm32f0xx_hal_rcc.o
                                                  Drivers\STM32F0xx_HAL_Driver\Src\stm32f0xx_hal_rcc_ex.o
HAL_RCC_GetSysClockFreq                           Drivers\STM32F0xx_HAL_Driver\Src\stm32f0xx_hal_rcc.o
                                                  Drivers\STM32F0xx_HAL_Driver\Src\stm32f0xx_hal_rcc_ex.o
HAL_RCC_MCOConfig                                 Drivers\STM32F0xx_HAL_Driver\Src\stm32f0xx_hal_rcc.o
HAL_RCC_NMI_IRQHandler                            Drivers\STM32F0xx_HAL_Driver\Src\stm32f0xx_hal_rcc.o
HAL_RCC_OscConfig                                 Drivers\STM32F0xx_HAL_Driver\Src\stm32f0xx_hal_rcc.o
                                                  Src\main.o
HAL_ResumeTick                                    Drivers\STM32F0xx_HAL_Driver\Src\stm32f0xx_hal.o
HAL_SYSTICK_CLKSourceConfig                       Drivers\STM32F0xx_HAL_Driver\Src\stm32f0xx_hal_cortex.o
                                                  Src\main.o
HAL_SYSTICK_Callback                              Drivers\STM32F0xx_HAL_Driver\Src\stm32f0xx_hal_cortex.o
HAL_SYSTICK_Config                                Drivers\STM32F0xx_HAL_Driver\Src\stm32f0xx_hal_cortex.o
                                                  Src\main.o
                                                  Drivers\STM32F0xx_HAL_Driver\Src\stm32f0xx_hal.o
HAL_SYSTICK_IRQHandler                            Drivers\STM32F0xx_HAL_Driver\Src\stm32f0xx_hal_cortex.o
                                                  Src\stm32f0xx_it.o
HAL_SuspendTick                                   Drivers\STM32F0xx_HAL_Driver\Src\stm32f0xx_hal.o
HardFault_Handler                                 Drivers\CMSIS\Device\ST\STM32F0xx\Source\Templates\gcc\startup_stm32f051x8.o
I2C1_IRQHandler                                   Drivers\CMSIS\Device\ST\STM32F0xx\Source\Templates\gcc\startup_stm32f051x8.o
I2C2_IRQHandler                                   Drivers\CMSIS\Device\ST\STM32F0xx\Source\Templates\gcc\startup_stm32f051x8.o
NMI_Handler                                       Drivers\CMSIS\Device\ST\STM32F0xx\Source\Templates\gcc\startup_stm32f051x8.o
PVD_IRQHandler                                    Drivers\CMSIS\Device\ST\STM32F0xx\Source\Templates\gcc\startup_stm32f051x8.o
PendSV_Handler                                    Drivers\CMSIS\Device\ST\STM32F0xx\Source\Templates\gcc\startup_stm32f051x8.o
RCC_CRS_IRQHandler                                Drivers\CMSIS\Device\ST\STM32F0xx\Source\Templates\gcc\startup_stm32f051x8.o
RTC_IRQHandler                                    Drivers\CMSIS\Device\ST\STM32F0xx\Source\Templates\gcc\startup_stm32f051x8.o
Reset_Handler                                     Drivers\CMSIS\Device\ST\STM32F0xx\Source\Templates\gcc\startup_stm32f051x8.o
SPI1_IRQHandler                                   Drivers\CMSIS\Device\ST\STM32F0xx\Source\Templates\gcc\startup_stm32f051x8.o
SPI2_IRQHandler                                   Drivers\CMSIS\Device\ST\STM32F0xx\Source\Templates\gcc\startup_stm32f051x8.o
SVC_Handler                                       Drivers\CMSIS\Device\ST\STM32F0xx\Source\Templates\gcc\startup_stm32f051x8.o
SysTick_Handler                                   Src\stm32f0xx_it.o
                                                  Drivers\CMSIS\Device\ST\STM32F0xx\Source\Templates\gcc\startup_stm32f051x8.o
SystemClock_Config                                Src\main.o
SystemCoreClock                                   Drivers\CMSIS\Device\ST\STM32F0xx\Source\Templates\system_stm32f0xx.o
                                                  Drivers\STM32F0xx_HAL_Driver\Src\stm32f0xx_hal_rcc.o
SystemCoreClockUpdate                             Drivers\CMSIS\Device\ST\STM32F0xx\Source\Templates\system_stm32f0xx.o
SystemInit                                        Drivers\CMSIS\Device\ST\STM32F0xx\Source\Templates\system_stm32f0xx.o
                                                  Drivers\CMSIS\Device\ST\STM32F0xx\Source\Templates\gcc\startup_stm32f051x8.o
TIM14_IRQHandler                                  Drivers\CMSIS\Device\ST\STM32F0xx\Source\Templates\gcc\startup_stm32f051x8.o
TIM15_IRQHandler                                  Drivers\CMSIS\Device\ST\STM32F0xx\Source\Templates\gcc\startup_stm32f051x8.o
TIM16_IRQHandler                                  Drivers\CMSIS\Device\ST\STM32F0xx\Source\Templates\gcc\startup_stm32f051x8.o
TIM17_IRQHandler                                  Drivers\CMSIS\Device\ST\STM32F0xx\Source\Templates\gcc\startup_stm32f051x8.o
TIM1_BRK_UP_TRG_COM_IRQHandler                    Drivers\CMSIS\Device\ST\STM32F0xx\Source\Templates\gcc\startup_stm32f051x8.o
TIM1_CC_IRQHandler                                Drivers\CMSIS\Device\ST\STM32F0xx\Source\Templates\gcc\startup_stm32f051x8.o
TIM2_IRQHandler                                   Drivers\CMSIS\Device\ST\STM32F0xx\Source\Templates\gcc\startup_stm32f051x8.o
TIM3_IRQHandler                                   Drivers\CMSIS\Device\ST\STM32F0xx\Source\Templates\gcc\startup_stm32f051x8.o
TIM6_DAC_IRQHandler                               Drivers\CMSIS\Device\ST\STM32F0xx\Source\Templates\gcc\startup_stm32f051x8.o
TSC_IRQHandler                                    Drivers\CMSIS\Device\ST\STM32F0xx\Source\Templates\gcc\startup_stm32f051x8.o
USART1_IRQHandler                                 Drivers\CMSIS\Device\ST\STM32F0xx\Source\Templates\gcc\startup_stm32f051x8.o
USART2_IRQHandler                                 Drivers\CMSIS\Device\ST\STM32F0xx\Source\Templates\gcc\startup_stm32f051x8.o
WWDG_IRQHandler                                   Drivers\CMSIS\Device\ST\STM32F0xx\Source\Templates\gcc\startup_stm32f051x8.o
__aeabi_idiv0                                     c:/program files (x86)/atollic/truestudio for arm 6.0.0/armtools/bin/../lib/gcc/arm-atollic-eabi/5.3.1/armv6-m\libgcc.a(_dvmd_tls.o)
                                                  c:/program files (x86)/atollic/truestudio for arm 6.0.0/armtools/bin/../lib/gcc/arm-atollic-eabi/5.3.1/armv6-m\libgcc.a(_udivsi3.o)
__aeabi_ldiv0                                     c:/program files (x86)/atollic/truestudio for arm 6.0.0/armtools/bin/../lib/gcc/arm-atollic-eabi/5.3.1/armv6-m\libgcc.a(_dvmd_tls.o)
__aeabi_llsr                                      c:/program files (x86)/atollic/truestudio for arm 6.0.0/armtools/bin/../lib/gcc/arm-atollic-eabi/5.3.1/armv6-m\libgcc.a(_lshrdi3.o)
                                                  Drivers\STM32F0xx_HAL_Driver\Src\stm32f0xx_hal_flash.o
__aeabi_uidiv                                     c:/program files (x86)/atollic/truestudio for arm 6.0.0/armtools/bin/../lib/gcc/arm-atollic-eabi/5.3.1/armv6-m\libgcc.a(_udivsi3.o)
                                                  Src\main.o
                                                  Drivers\STM32F0xx_HAL_Driver\Src\stm32f0xx_hal_rcc.o
                                                  Drivers\STM32F0xx_HAL_Driver\Src\stm32f0xx_hal.o
                                                  Drivers\CMSIS\Device\ST\STM32F0xx\Source\Templates\system_stm32f0xx.o
__aeabi_uidivmod                                  c:/program files (x86)/atollic/truestudio for arm 6.0.0/armtools/bin/../lib/gcc/arm-atollic-eabi/5.3.1/armv6-m\libgcc.a(_udivsi3.o)
__deregister_frame_info                           c:/program files (x86)/atollic/truestudio for arm 6.0.0/armtools/bin/../lib/gcc/arm-atollic-eabi/5.3.1/armv6-m/crtbegin.o
__dso_handle                                      c:/program files (x86)/atollic/truestudio for arm 6.0.0/armtools/bin/../lib/gcc/arm-atollic-eabi/5.3.1/armv6-m/crtbegin.o
__init_array_end                                  c:/program files (x86)/atollic/truestudio for arm 6.0.0/armtools/bin/../lib/gcc/arm-atollic-eabi/5.3.1/../../../../arm-atollic-eabi/lib/armv6-m\libc.a(lib_a-init.o)
__init_array_start                                c:/program files (x86)/atollic/truestudio for arm 6.0.0/armtools/bin/../lib/gcc/arm-atollic-eabi/5.3.1/../../../../arm-atollic-eabi/lib/armv6-m\libc.a(lib_a-init.o)
__libc_init_array                                 c:/program files (x86)/atollic/truestudio for arm 6.0.0/armtools/bin/../lib/gcc/arm-atollic-eabi/5.3.1/../../../../arm-atollic-eabi/lib/armv6-m\libc.a(lib_a-init.o)
                                                  Drivers\CMSIS\Device\ST\STM32F0xx\Source\Templates\gcc\startup_stm32f051x8.o
__lshrdi3                                         c:/program files (x86)/atollic/truestudio for arm 6.0.0/armtools/bin/../lib/gcc/arm-atollic-eabi/5.3.1/armv6-m\libgcc.a(_lshrdi3.o)
__preinit_array_end                               c:/program files (x86)/atollic/truestudio for arm 6.0.0/armtools/bin/../lib/gcc/arm-atollic-eabi/5.3.1/../../../../arm-atollic-eabi/lib/armv6-m\libc.a(lib_a-init.o)
__preinit_array_start                             c:/program files (x86)/atollic/truestudio for arm 6.0.0/armtools/bin/../lib/gcc/arm-atollic-eabi/5.3.1/../../../../arm-atollic-eabi/lib/armv6-m\libc.a(lib_a-init.o)
__register_frame_info                             c:/program files (x86)/atollic/truestudio for arm 6.0.0/armtools/bin/../lib/gcc/arm-atollic-eabi/5.3.1/armv6-m/crtbegin.o
__udivsi3                                         c:/program files (x86)/atollic/truestudio for arm 6.0.0/armtools/bin/../lib/gcc/arm-atollic-eabi/5.3.1/armv6-m\libgcc.a(_udivsi3.o)
_ebss                                             Drivers\CMSIS\Device\ST\STM32F0xx\Source\Templates\gcc\startup_stm32f051x8.o
_edata                                            Drivers\CMSIS\Device\ST\STM32F0xx\Source\Templates\gcc\startup_stm32f051x8.o
_estack                                           Drivers\CMSIS\Device\ST\STM32F0xx\Source\Templates\gcc\startup_stm32f051x8.o
_fini                                             c:/program files (x86)/atollic/truestudio for arm 6.0.0/armtools/bin/../lib/gcc/arm-atollic-eabi/5.3.1/armv6-m/crti.o
_init                                             c:/program files (x86)/atollic/truestudio for arm 6.0.0/armtools/bin/../lib/gcc/arm-atollic-eabi/5.3.1/armv6-m/crti.o
                                                  c:/program files (x86)/atollic/truestudio for arm 6.0.0/armtools/bin/../lib/gcc/arm-atollic-eabi/5.3.1/../../../../arm-atollic-eabi/lib/armv6-m\libc.a(lib_a-init.o)
_sbss                                             Drivers\CMSIS\Device\ST\STM32F0xx\Source\Templates\gcc\startup_stm32f051x8.o
_sdata                                            Drivers\CMSIS\Device\ST\STM32F0xx\Source\Templates\gcc\startup_stm32f051x8.o
_sidata                                           Drivers\CMSIS\Device\ST\STM32F0xx\Source\Templates\gcc\startup_stm32f051x8.o
char_to_morse                                     Src\main.o
g_pfnVectors                                      Drivers\CMSIS\Device\ST\STM32F0xx\Source\Templates\gcc\startup_stm32f051x8.o
getStrSize                                        Src\main.o
lightOnButtonPressed                              Src\main.o
light_Off                                         Src\main.o
light_On                                          Src\main.o
main                                              Src\main.o
                                                  Drivers\CMSIS\Device\ST\STM32F0xx\Source\Templates\gcc\startup_stm32f051x8.o
memcpy                                            c:/program files (x86)/atollic/truestudio for arm 6.0.0/armtools/bin/../lib/gcc/arm-atollic-eabi/5.3.1/../../../../arm-atollic-eabi/lib/armv6-m\libc.a(lib_a-memcpy-stub.o)
                                                  Drivers\STM32F0xx_HAL_Driver\Src\stm32f0xx_hal_rcc.o
memset                                            c:/program files (x86)/atollic/truestudio for arm 6.0.0/armtools/bin/../lib/gcc/arm-atollic-eabi/5.3.1/../../../../arm-atollic-eabi/lib/armv6-m\libc.a(lib_a-memset.o)
                                                  Drivers\STM32F0xx_HAL_Driver\Src\stm32f0xx_hal_rcc.o
pFlash                                            Drivers\STM32F0xx_HAL_Driver\Src\stm32f0xx_hal_flash.o
                                                  Drivers\STM32F0xx_HAL_Driver\Src\stm32f0xx_hal_flash_ex.o
str_to_morse                                      Src\main.o
uwTick                                            Drivers\STM32F0xx_HAL_Driver\Src\stm32f0xx_hal.o
